[    0.000000] Linux version 4.15.0-176-generic (buildd@lcy02-amd64-020) (gcc version 7.5.0 (Ubuntu 7.5.0-3ubuntu1~18.04)) #185-Ubuntu SMP Tue Mar 29 17:40:04 UTC 2022 (Ubuntu 4.15.0-176.185-generic 4.15.18)
[    0.000000] Command line: BOOT_IMAGE=/boot/vmlinuz-4.15.0-176-generic root=LABEL=cloudimg-rootfs ro console=tty1 console=ttyS0
[    0.000000] KERNEL supported cpus:
[    0.000000]   Intel GenuineIntel
[    0.000000]   AMD AuthenticAMD
[    0.000000]   Centaur CentaurHauls
[    0.000000] x86/fpu: Supporting XSAVE feature 0x001: 'x87 floating point registers'
[    0.000000] x86/fpu: Supporting XSAVE feature 0x002: 'SSE registers'
[    0.000000] x86/fpu: Supporting XSAVE feature 0x004: 'AVX registers'
[    0.000000] x86/fpu: xstate_offset[2]:  576, xstate_sizes[2]:  256
[    0.000000] x86/fpu: Enabled xstate features 0x7, context size is 832 bytes, using 'standard' format.
[    0.000000] e820: BIOS-provided physical RAM map:
[    0.000000] BIOS-e820: [mem 0x0000000000000000-0x000000000009fbff] usable
[    0.000000] BIOS-e820: [mem 0x000000000009fc00-0x000000000009ffff] reserved
[    0.000000] BIOS-e820: [mem 0x00000000000f0000-0x00000000000fffff] reserved
[    0.000000] BIOS-e820: [mem 0x0000000000100000-0x000000003ffeffff] usable
[    0.000000] BIOS-e820: [mem 0x000000003fff0000-0x000000003fffffff] ACPI data
[    0.000000] BIOS-e820: [mem 0x00000000fec00000-0x00000000fec00fff] reserved
[    0.000000] BIOS-e820: [mem 0x00000000fee00000-0x00000000fee00fff] reserved
[    0.000000] BIOS-e820: [mem 0x00000000fffc0000-0x00000000ffffffff] reserved
[    0.000000] NX (Execute Disable) protection: active
[    0.000000] SMBIOS 2.5 present.
[    0.000000] DMI: innotek GmbH VirtualBox/VirtualBox, BIOS VirtualBox 12/01/2006
[    0.000000] Hypervisor detected: KVM
[    0.000000] e820: last_pfn = 0x3fff0 max_arch_pfn = 0x400000000
[    0.000000] MTRR: Disabled
[    0.000000] x86/PAT: MTRRs disabled, skipping PAT initialization too.
[    0.000000] CPU MTRRs all blank - virtualized system.
[    0.000000] x86/PAT: Configuration [0-7]: WB  WT  UC- UC  WB  WT  UC- UC  
[    0.000000] found SMP MP-table at [mem 0x0009fff0-0x0009ffff]
[    0.000000] Scanning 1 areas for low memory corruption
[    0.000000] RAMDISK: [mem 0x359cb000-0x36cdcfff]
[    0.000000] ACPI: Early table checksum verification disabled
[    0.000000] ACPI: RSDP 0x00000000000E0000 000024 (v02 VBOX  )
[    0.000000] ACPI: XSDT 0x000000003FFF0030 00003C (v01 VBOX   VBOXXSDT 00000001 ASL  00000061)
[    0.000000] ACPI: FACP 0x000000003FFF00F0 0000F4 (v04 VBOX   VBOXFACP 00000001 ASL  00000061)
[    0.000000] ACPI: DSDT 0x000000003FFF0470 002325 (v02 VBOX   VBOXBIOS 00000002 INTL 20100528)
[    0.000000] ACPI: FACS 0x000000003FFF0200 000040
[    0.000000] ACPI: FACS 0x000000003FFF0200 000040
[    0.000000] ACPI: APIC 0x000000003FFF0240 00005C (v02 VBOX   VBOXAPIC 00000001 ASL  00000061)
[    0.000000] ACPI: SSDT 0x000000003FFF02A0 0001CC (v01 VBOX   VBOXCPUT 00000002 INTL 20100528)
[    0.000000] ACPI: Reserving FACP table memory at [mem 0x3fff00f0-0x3fff01e3]
[    0.000000] ACPI: Reserving DSDT table memory at [mem 0x3fff0470-0x3fff2794]
[    0.000000] ACPI: Reserving FACS table memory at [mem 0x3fff0200-0x3fff023f]
[    0.000000] ACPI: Reserving FACS table memory at [mem 0x3fff0200-0x3fff023f]
[    0.000000] ACPI: Reserving APIC table memory at [mem 0x3fff0240-0x3fff029b]
[    0.000000] ACPI: Reserving SSDT table memory at [mem 0x3fff02a0-0x3fff046b]
[    0.000000] No NUMA configuration found
[    0.000000] Faking a node at [mem 0x0000000000000000-0x000000003ffeffff]
[    0.000000] NODE_DATA(0) allocated [mem 0x3ffc5000-0x3ffeffff]
[    0.000000] kvm-clock: cpu 0, msr 0:3ff44001, primary cpu clock
[    0.000000] kvm-clock: Using msrs 4b564d01 and 4b564d00
[    0.000000] kvm-clock: using sched offset of 3725128098 cycles
[    0.000000] clocksource: kvm-clock: mask: 0xffffffffffffffff max_cycles: 0x1cd42e4dffb, max_idle_ns: 881590591483 ns
[    0.000000] Zone ranges:
[    0.000000]   DMA      [mem 0x0000000000001000-0x0000000000ffffff]
[    0.000000]   DMA32    [mem 0x0000000001000000-0x000000003ffeffff]
[    0.000000]   Normal   empty
[    0.000000]   Device   empty
[    0.000000] Movable zone start for each node
[    0.000000] Early memory node ranges
[    0.000000]   node   0: [mem 0x0000000000001000-0x000000000009efff]
[    0.000000]   node   0: [mem 0x0000000000100000-0x000000003ffeffff]
[    0.000000] Reserved but unavailable: 104 pages
[    0.000000] Initmem setup node 0 [mem 0x0000000000001000-0x000000003ffeffff]
[    0.000000] ACPI: PM-Timer IO Port: 0x4008
[    0.000000] IOAPIC[0]: apic_id 2, version 32, address 0xfec00000, GSI 0-23
[    0.000000] ACPI: INT_SRC_OVR (bus 0 bus_irq 0 global_irq 2 dfl dfl)
[    0.000000] ACPI: INT_SRC_OVR (bus 0 bus_irq 9 global_irq 9 low level)
[    0.000000] Using ACPI (MADT) for SMP configuration information
[    0.000000] smpboot: Allowing 2 CPUs, 0 hotplug CPUs
[    0.000000] PM: Registered nosave memory: [mem 0x00000000-0x00000fff]
[    0.000000] PM: Registered nosave memory: [mem 0x0009f000-0x0009ffff]
[    0.000000] PM: Registered nosave memory: [mem 0x000a0000-0x000effff]
[    0.000000] PM: Registered nosave memory: [mem 0x000f0000-0x000fffff]
[    0.000000] e820: [mem 0x40000000-0xfebfffff] available for PCI devices
[    0.000000] Booting paravirtualized kernel on KVM
[    0.000000] clocksource: refined-jiffies: mask: 0xffffffff max_cycles: 0xffffffff, max_idle_ns: 7645519600211568 ns
[    0.000000] random: get_random_bytes called from start_kernel+0x99/0x500 with crng_init=0
[    0.000000] setup_percpu: NR_CPUS:8192 nr_cpumask_bits:2 nr_cpu_ids:2 nr_node_ids:1
[    0.000000] percpu: Embedded 50 pages/cpu s167936 r8192 d28672 u1048576
[    0.000000] PV qspinlock hash table entries: 256 (order: 0, 4096 bytes)
[    0.000000] Built 1 zonelists, mobility grouping on.  Total pages: 257913
[    0.000000] Policy zone: DMA32
[    0.000000] Kernel command line: BOOT_IMAGE=/boot/vmlinuz-4.15.0-176-generic root=LABEL=cloudimg-rootfs ro console=tty1 console=ttyS0
[    0.000000] Memory: 982648K/1048120K available (12300K kernel code, 2484K rwdata, 4324K rodata, 2468K init, 2724K bss, 65472K reserved, 0K cma-reserved)
[    0.000000] SLUB: HWalign=64, Order=0-3, MinObjects=0, CPUs=2, Nodes=1
[    0.000000] ftrace: allocating 39504 entries in 155 pages
[    0.004000] Hierarchical RCU implementation.
[    0.004000] 	RCU restricting CPUs from NR_CPUS=8192 to nr_cpu_ids=2.
[    0.004000] 	Tasks RCU enabled.
[    0.004000] RCU: Adjusting geometry for rcu_fanout_leaf=16, nr_cpu_ids=2
[    0.004000] NR_IRQS: 524544, nr_irqs: 440, preallocated irqs: 16
[    0.004000] Console: colour VGA+ 80x25
[    0.004000] console [tty1] enabled
[    0.004000] console [ttyS0] enabled
[    0.004000] ACPI: Core revision 20170831
[    0.004000] ACPI: 2 ACPI AML tables successfully acquired and loaded
[    0.004000] APIC: Switch to symmetric I/O mode setup
[    0.004000] x2apic enabled
[    0.004000] Switched APIC routing to physical x2apic.
[    0.004000] ..TIMER: vector=0x30 apic1=0 pin1=2 apic2=-1 pin2=-1
[    0.004004] tsc: Detected 1799.998 MHz processor
[    0.005043] Calibrating delay loop (skipped) preset value.. 3599.99 BogoMIPS (lpj=7199992)
[    0.008002] pid_max: default: 32768 minimum: 301
[    0.009013] Security Framework initialized
[    0.009937] Yama: becoming mindful.
[    0.012021] AppArmor: AppArmor initialized
[    0.016046] Dentry cache hash table entries: 131072 (order: 8, 1048576 bytes)
[    0.017515] Inode-cache hash table entries: 65536 (order: 7, 524288 bytes)
[    0.018989] Mount-cache hash table entries: 2048 (order: 2, 16384 bytes)
[    0.020005] Mountpoint-cache hash table entries: 2048 (order: 2, 16384 bytes)
[    0.021710] Last level iTLB entries: 4KB 64, 2MB 8, 4MB 8
[    0.022816] Last level dTLB entries: 4KB 64, 2MB 0, 4MB 0, 1GB 4
[    0.024004] Spectre V1 : Mitigation: usercopy/swapgs barriers and __user pointer sanitization
[    0.025889] Spectre V2 : Mitigation: Retpolines
[    0.026862] Spectre V2 : Spectre v2 / SpectreRSB mitigation: Filling RSB on context switch
[    0.028001] Speculative Store Bypass: Vulnerable
[    0.029043] SRBDS: Unknown: Dependent on hypervisor status
[    0.030248] MDS: Mitigation: Clear CPU buffers
[    0.032256] Freeing SMP alternatives memory: 36K
[    0.143865] smpboot: CPU0: Intel(R) Core(TM) i5-8265U CPU @ 1.60GHz (family: 0x6, model: 0x8e, stepping: 0xb)
[    0.144000] Performance Events: unsupported p6 CPU model 142 no PMU driver, software events only.
[    0.144000] Hierarchical SRCU implementation.
[    0.144693] NMI watchdog: Perf event create on CPU 0 failed with -2
[    0.146051] NMI watchdog: Perf NMI watchdog permanently disabled
[    0.147413] smp: Bringing up secondary CPUs ...
[    0.148084] x86: Booting SMP configuration:
[    0.149069] .... node  #0, CPUs:      #1
[    0.004000] kvm-clock: cpu 1, msr 0:3ff44041, secondary cpu clock
[    0.152032] smp: Brought up 1 node, 2 CPUs
[    0.152950] smpboot: Max logical packages: 1
[    0.156005] smpboot: Total of 2 processors activated (7199.99 BogoMIPS)
[    0.157469] devtmpfs: initialized
[    0.157469] x86/mm: Memory block size: 128MB
[    0.160139] evm: security.selinux
[    0.160938] evm: security.SMACK64
[    0.161699] evm: security.SMACK64EXEC
[    0.162445] evm: security.SMACK64TRANSMUTE
[    0.163398] evm: security.SMACK64MMAP
[    0.164003] evm: security.apparmor
[    0.164805] evm: security.ima
[    0.165478] evm: security.capability
[    0.166313] clocksource: jiffies: mask: 0xffffffff max_cycles: 0xffffffff, max_idle_ns: 7645041785100000 ns
[    0.168011] futex hash table entries: 512 (order: 3, 32768 bytes)
[    0.169337] pinctrl core: initialized pinctrl subsystem
[    0.172162] RTC time:  8:21:29, date: 05/01/22
[    0.173453] NET: Registered protocol family 16
[    0.176104] audit: initializing netlink subsys (disabled)
[    0.177245] audit: type=2000 audit(1651393294.261:1): state=initialized audit_enabled=0 res=1
[    0.180018] cpuidle: using governor ladder
[    0.181005] cpuidle: using governor menu
[    0.181937] ACPI: bus type PCI registered
[    0.182916] acpiphp: ACPI Hot Plug PCI Controller Driver version: 0.5
[    0.184108] PCI: Using configuration type 1 for base access
[    0.185311] HugeTLB registered 2.00 MiB page size, pre-allocated 0 pages
[    0.188053] ACPI: Added _OSI(Module Device)
[    0.188955] ACPI: Added _OSI(Processor Device)
[    0.189935] ACPI: Added _OSI(3.0 _SCP Extensions)
[    0.190914] ACPI: Added _OSI(Processor Aggregator Device)
[    0.192003] ACPI: Added _OSI(Linux-Dell-Video)
[    0.192966] ACPI: Added _OSI(Linux-Lenovo-NV-HDMI-Audio)
[    0.194060] ACPI: Added _OSI(Linux-HPI-Hybrid-Graphics)
[    0.196085] ACPI: Executed 1 blocks of module-level executable AML code
[    0.201049] ACPI: Interpreter enabled
[    0.201882] ACPI: (supports S0 S5)
[    0.202727] ACPI: Using IOAPIC for interrupt routing
[    0.204261] PCI: Using host bridge windows from ACPI; if necessary, use "pci=nocrs" and report a bug
[    0.206369] ACPI: Enabled 2 GPEs in block 00 to 07
[    0.214221] ACPI: PCI Root Bridge [PCI0] (domain 0000 [bus 00-ff])
[    0.215687] acpi PNP0A03:00: _OSC: OS supports [ASPM ClockPM Segments MSI]
[    0.216598] acpi PNP0A03:00: _OSC: not requesting OS control; OS requires [ExtendedConfig ASPM ClockPM MSI]
[    0.218677] acpi PNP0A03:00: fail to add MMCONFIG information, can't access extended PCI configuration space under this bridge.
[    0.220409] PCI host bridge to bus 0000:00
[    0.221402] pci_bus 0000:00: root bus resource [io  0x0000-0x0cf7 window]
[    0.224003] pci_bus 0000:00: root bus resource [io  0x0d00-0xffff window]
[    0.225378] pci_bus 0000:00: root bus resource [mem 0x000a0000-0x000bffff window]
[    0.226935] pci_bus 0000:00: root bus resource [mem 0x40000000-0xfdffffff window]
[    0.228005] pci_bus 0000:00: root bus resource [bus 00-ff]
[    0.233706] pci 0000:00:01.1: legacy IDE quirk: reg 0x10: [io  0x01f0-0x01f7]
[    0.235249] pci 0000:00:01.1: legacy IDE quirk: reg 0x14: [io  0x03f6]
[    0.236002] pci 0000:00:01.1: legacy IDE quirk: reg 0x18: [io  0x0170-0x0177]
[    0.237495] pci 0000:00:01.1: legacy IDE quirk: reg 0x1c: [io  0x0376]
[    0.255541] pci 0000:00:07.0: quirk: [io  0x4000-0x403f] claimed by PIIX4 ACPI
[    0.256047] pci 0000:00:07.0: quirk: [io  0x4100-0x410f] claimed by PIIX4 SMB
[    0.265204] ACPI: PCI Interrupt Link [LNKA] (IRQs 5 9 10 *11)
[    0.266805] ACPI: PCI Interrupt Link [LNKB] (IRQs 5 9 *10 11)
[    0.268080] ACPI: PCI Interrupt Link [LNKC] (IRQs 5 *9 10 11)
[    0.269393] ACPI: PCI Interrupt Link [LNKD] (IRQs 5 9 10 *11)
[    0.270876] SCSI subsystem initialized
[    0.271710] pci 0000:00:02.0: vgaarb: setting as boot VGA device
[    0.271710] pci 0000:00:02.0: vgaarb: VGA device added: decodes=io+mem,owns=io+mem,locks=none
[    0.272010] pci 0000:00:02.0: vgaarb: bridge control possible
[    0.276023] vgaarb: loaded
[    0.276656] ACPI: bus type USB registered
[    0.277586] usbcore: registered new interface driver usbfs
[    0.278713] usbcore: registered new interface driver hub
[    0.280011] usbcore: registered new device driver usb
[    0.281192] EDAC MC: Ver: 3.0.0
[    0.281192] PCI: Using ACPI for IRQ routing
[    0.284240] NetLabel: Initializing
[    0.285043] NetLabel:  domain hash size = 128
[    0.286116] NetLabel:  protocols = UNLABELED CIPSOv4 CALIPSO
[    0.287501] NetLabel:  unlabeled traffic allowed by default
[    0.288059] clocksource: Switched to clocksource kvm-clock
[    0.306625] VFS: Disk quotas dquot_6.6.0
[    0.307565] VFS: Dquot-cache hash table entries: 512 (order 0, 4096 bytes)
[    0.309060] AppArmor: AppArmor Filesystem Enabled
[    0.310087] pnp: PnP ACPI init
[    0.312019] pnp: PnP ACPI: found 3 devices
[    0.321170] clocksource: acpi_pm: mask: 0xffffff max_cycles: 0xffffff, max_idle_ns: 2085701024 ns
[    0.323182] NET: Registered protocol family 2
[    0.324066] IP idents hash table entries: 16384 (order: 5, 131072 bytes)
[    0.328543] TCP established hash table entries: 8192 (order: 4, 65536 bytes)
[    0.330158] TCP bind hash table entries: 8192 (order: 5, 131072 bytes)
[    0.331558] TCP: Hash tables configured (established 8192 bind 8192)
[    0.332957] UDP hash table entries: 512 (order: 2, 16384 bytes)
[    0.334258] UDP-Lite hash table entries: 512 (order: 2, 16384 bytes)
[    0.335589] NET: Registered protocol family 1
[    0.336615] pci 0000:00:00.0: Limiting direct PCI/PCI transfers
[    0.337825] pci 0000:00:01.0: Activating ISA DMA hang workarounds
[    0.339161] pci 0000:00:02.0: Video device with shadowed ROM at [mem 0x000c0000-0x000dffff]
[    0.341083] Unpacking initramfs...
[    0.659169] Freeing initrd memory: 19528K
[    0.660250] clocksource: tsc: mask: 0xffffffffffffffff max_cycles: 0x19f227af07c, max_idle_ns: 440795246167 ns
[    0.662444] platform rtc_cmos: registered platform RTC device (no PNP device found)
[    0.664020] Scanning for low memory corruption every 60 seconds
[    0.666080] Initialise system trusted keyrings
[    0.667098] Key type blacklist registered
[    0.668141] workingset: timestamp_bits=36 max_order=18 bucket_order=0
[    0.670447] zbud: loaded
[    0.671625] squashfs: version 4.0 (2009/01/31) Phillip Lougher
[    0.673345] fuse init (API version 7.26)
[    0.676519] Key type asymmetric registered
[    0.677458] Asymmetric key parser 'x509' registered
[    0.678525] Block layer SCSI generic (bsg) driver version 0.4 loaded (major 246)
[    0.680124] io scheduler noop registered
[    0.681059] io scheduler deadline registered
[    0.682128] io scheduler cfq registered (default)
[    0.683492] ACPI: AC Adapter [AC] (on-line)
[    0.684535] input: Power Button as /devices/LNXSYSTM:00/LNXPWRBN:00/input/input0
[    0.686269] ACPI: Power Button [PWRF]
[    0.687158] input: Sleep Button as /devices/LNXSYSTM:00/LNXSLPBN:00/input/input1
[    0.688927] ACPI: Sleep Button [SLPF]
[    0.690892] ACPI: Battery Slot [BAT0] (battery present)
[    0.692213] Serial: 8250/16550 driver, 32 ports, IRQ sharing enabled
[    0.714352] 00:02: ttyS0 at I/O 0x3f8 (irq = 4, base_baud = 115200) is a 16550A
[    0.717241] Linux agpgart interface v0.103
[    0.719311] loop: module loaded
[    0.720528] scsi host0: ata_piix
[    0.721269] scsi host1: ata_piix
[    0.721942] ata1: PATA max UDMA/33 cmd 0x1f0 ctl 0x3f6 bmdma 0xd000 irq 14
[    0.723168] ata2: PATA max UDMA/33 cmd 0x170 ctl 0x376 bmdma 0xd008 irq 15
[    0.724526] tun: Universal TUN/TAP device driver, 1.6
[    0.725573] PPP generic driver version 2.4.2
[    0.726455] ehci_hcd: USB 2.0 'Enhanced' Host Controller (EHCI) Driver
[    0.727914] ehci-pci: EHCI PCI platform driver
[    0.729104] ehci-platform: EHCI generic platform driver
[    0.730042] ohci_hcd: USB 1.1 'Open' Host Controller (OHCI) Driver
[    0.731162] ohci-pci: OHCI PCI platform driver
[    0.732005] ohci-platform: OHCI generic platform driver
[    0.733057] uhci_hcd: USB Universal Host Controller Interface driver
[    0.734291] i8042: PNP: PS/2 Controller [PNP0303:PS2K,PNP0f03:PS2M] at 0x60,0x64 irq 1,12
[    0.736326] serio: i8042 KBD port at 0x60,0x64 irq 1
[    0.737285] serio: i8042 AUX port at 0x60,0x64 irq 12
[    0.738266] mousedev: PS/2 mouse device common for all mice
[    0.739578] input: AT Translated Set 2 keyboard as /devices/platform/i8042/serio0/input/input2
[    0.741828] rtc_cmos rtc_cmos: rtc core: registered rtc_cmos as rtc0
[    0.743071] rtc_cmos rtc_cmos: alarms up to one day, 114 bytes nvram
[    0.744406] i2c /dev entries driver
[    0.745424] device-mapper: uevent: version 1.0.3
[    0.746684] device-mapper: ioctl: 4.37.0-ioctl (2017-09-20) initialised: dm-devel@redhat.com
[    0.748567] ledtrig-cpu: registered to indicate activity on CPUs
[    0.750700] NET: Registered protocol family 10
[    0.755366] Segment Routing with IPv6
[    0.756250] NET: Registered protocol family 17
[    0.757356] Key type dns_resolver registered
[    0.758581] mce: Using 0 MCE banks
[    0.759314] RAS: Correctable Errors collector initialized.
[    0.760706] sched_clock: Marking stable (760663444, 0)->(965364265, -204700821)
[    0.763434] registered taskstats version 1
[    0.764381] Loading compiled-in X.509 certificates
[    0.767526] Loaded X.509 cert 'Build time autogenerated kernel key: cf84eab1a20f3cf5ac3912166f3a35d35ba78c0c'
[    0.770103] Loaded X.509 cert 'Canonical Ltd. Live Patch Signing: 14df34d1a87cf37625abec039ef2bf521249b969'
[    0.772559] Loaded X.509 cert 'Canonical Ltd. Kernel Module Signing: 88f752e560a1e0737e31163a466ad7b70a850c19'
[    0.774508] blacklist: Loading compiled-in revocation X.509 certificates
[    0.775859] Loaded X.509 cert 'Canonical Ltd. Secure Boot Signing: 61482aa2830d0ab2ad5af10b7250da9033ddcef0'
[    0.778124] zswap: loaded using pool lzo/zbud
[    0.782465] Key type big_key registered
[    0.783277] Key type trusted registered
[    0.785885] Key type encrypted registered
[    0.786680] AppArmor: AppArmor sha1 policy hashing enabled
[    0.787698] ima: No TPM chip found, activating TPM-bypass! (rc=-19)
[    0.789070] ima: Allocated hash algorithm: sha1
[    0.790016] evm: HMAC attrs: 0x1
[    0.790944]   Magic number: 6:736:370
[    0.791880] rtc_cmos rtc_cmos: setting system clock to 2022-05-01 08:21:29 UTC (1651393289)
[    0.793921] BIOS EDD facility v0.16 2004-Jun-25, 0 devices found
[    0.795129] EDD information not available.
[    1.087460] Freeing unused kernel image memory: 2468K
[    1.096904] Write protecting the kernel read-only data: 20480k
[    1.098842] Freeing unused kernel image memory: 2008K
[    1.100362] Freeing unused kernel image memory: 1820K
[    1.116680] x86/mm: Checked W+X mappings: passed, no W+X pages found.
Loading, please wait...
starting version 237
[    1.186648] Fusion MPT base driver 3.04.20
[    1.187613] Copyright (c) 1999-2008 LSI Corporation
[    1.211368] e1000: Intel(R) PRO/1000 Network Driver - version 7.3.21-k8-NAPI
[    1.213672] e1000: Copyright (c) 1999-2006 Intel Corporation.
[    1.223971] AVX2 version of gcm_enc/dec engaged.
[    1.225094] AES CTR mode by8 optimization enabled
[    1.232271] Fusion MPT SPI Host driver 3.04.20
[    1.234976] mptbase: ioc0: Initiating bringup
[    1.458112] input: ImExPS/2 Generic Explorer Mouse as /devices/platform/i8042/serio1/input/input4
[    1.673761] ioc0: LSI53C1030 A0: Capabilities={Initiator}
[    4.671592] scsi host2: ioc0: LSI53C1030 A0, FwRev=00000000h, Ports=1, MaxQ=256, IRQ=20
[    7.981856] scsi 2:0:0:0: Direct-Access     VBOX     HARDDISK         1.0  PQ: 0 ANSI: 5
[    8.012305] scsi target2:0:0: Beginning Domain Validation
[    8.033757] scsi target2:0:0: Domain Validation skipping write tests
[    8.035129] scsi target2:0:0: Ending Domain Validation
[    8.040553] scsi target2:0:0: asynchronous
[    8.055168] scsi 2:0:1:0: Direct-Access     VBOX     HARDDISK         1.0  PQ: 0 ANSI: 5
[    8.281660] scsi target2:0:1: Beginning Domain Validation
[    8.285251] random: fast init done
[    8.286218] scsi target2:0:1: Domain Validation skipping write tests
[    8.287533] scsi target2:0:1: Ending Domain Validation
[    8.288685] scsi target2:0:1: asynchronous
[    8.293955] sd 2:0:0:0: [sda] 83886080 512-byte logical blocks: (42.9 GB/40.0 GiB)
[    8.295622] random: systemd-udevd: uninitialized urandom read (16 bytes read)
[    8.297104] sd 2:0:0:0: [sda] Write Protect is off
[    8.298238] random: systemd-udevd: uninitialized urandom read (16 bytes read)
[    8.299721] sd 2:0:0:0: [sda] Incomplete mode parameter data
[    8.300856] sd 2:0:0:0: [sda] Assuming drive cache: write through
[    8.302402] random: systemd-udevd: uninitialized urandom read (16 bytes read)
[    8.305776] sd 2:0:0:0: Attached scsi generic sg0 type 0
[    8.308476]  sda: sda1
[    8.311077] sd 2:0:1:0: [sdb] 20480 512-byte logical blocks: (10.5 MB/10.0 MiB)
[    8.312756] sd 2:0:1:0: [sdb] Write Protect is off
[    8.314055] sd 2:0:0:0: [sda] Attached SCSI disk
[    8.315061] sd 2:0:1:0: Attached scsi generic sg1 type 0
[    8.316205] sd 2:0:1:0: [sdb] Incomplete mode parameter data
[    8.317350] sd 2:0:1:0: [sdb] Assuming drive cache: write through
[    8.322618] sd 2:0:1:0: [sdb] Attached SCSI disk
[    8.373926] e1000 0000:00:03.0 eth0: (PCI:33MHz:32-bit) 02:a2:6a:7b:07:96
[    8.375382] e1000 0000:00:03.0 eth0: Intel(R) PRO/1000 Network Connection
[    8.377784] e1000 0000:00:03.0 enp0s3: renamed from eth0
Begin: Loading essential drivers ... [   10.568101] raid6: sse2x1   gen() 13077 MB/s
[   10.616097] raid6: sse2x1   xor()  9211 MB/s
[   10.664098] raid6: sse2x2   gen() 16000 MB/s
[   10.712108] raid6: sse2x2   xor() 10717 MB/s
[   10.760070] raid6: sse2x4   gen() 17398 MB/s
[   10.808091] raid6: sse2x4   xor() 10947 MB/s
[   10.856098] raid6: avx2x1   gen() 22692 MB/s
[   10.904083] raid6: avx2x1   xor() 15696 MB/s
[   10.952097] raid6: avx2x2   gen() 25924 MB/s
[   11.000063] raid6: avx2x2   xor() 17654 MB/s
[   11.048094] raid6: avx2x4   gen() 31472 MB/s
[   11.096067] raid6: avx2x4   xor() 18577 MB/s
[   11.097070] raid6: using algorithm avx2x4 gen() 31472 MB/s
[   11.098311] raid6: .... xor() 18577 MB/s, rmw enabled
[   11.099417] raid6: using avx2x2 recovery algorithm
[   11.101721] xor: automatically using best checksumming function   avx       
[   11.104322] async_tx: api initialized (async)
done.
Begin: Running /scripts/init-premount ... done.
Begin: Mounting root file system ... Begin: Running /scripts/local-top ... done.
Begin: Running /scripts/local-premount ... [   11.147429] Btrfs loaded, crc32c=crc32c-intel
Scanning for Btrfs filesystems
done.
Warning: fsck not present, so skipping root file system
[   11.180962] EXT4-fs (sda1): mounted filesystem with ordered data mode. Opts: (null)
done.
Begin: Running /scripts/local-bottom ... done.
Begin: Running /scripts/init-bottom ... done.
[   11.336147] ip_tables: (C) 2000-2006 Netfilter Core Team
[   11.347915] systemd[1]: systemd 237 running in system mode. (+PAM +AUDIT +SELINUX +IMA +APPARMOR +SMACK +SYSVINIT +UTMP +LIBCRYPTSETUP +GCRYPT +GNUTLS +ACL +XZ +LZ4 +SECCOMP +BLKID +ELFUTILS +KMOD -IDN2 +IDN -PCRE2 default-hierarchy=hybrid)
[   11.352101] systemd[1]: Detected virtualization oracle.
[   11.353254] systemd[1]: Detected architecture x86-64.

Welcome to [1mUbuntu 18.04.6 LTS[0m!

[   11.358891] systemd[1]: Set hostname to <ubuntu>.
[   11.363313] systemd[1]: Initializing machine ID from random generator.
[   11.364741] systemd[1]: Installed transient /etc/machine-id file.
[   11.617195] systemd[1]: Created slice User and Session Slice.
[[0;32m  OK  [0m] Created slice User and Session Slice.
[   11.628472] systemd[1]: Created slice System Slice.
[[0;32m  OK  [0m] Created slice System Slice.
[   11.640434] systemd[1]: Listening on LVM2 poll daemon socket.
[[0;32m  OK  [0m] Listening on LVM2 poll daemon socket.
[   11.652203] systemd[1]: Listening on Syslog Socket.
[[0;32m  OK  [0m] Listening on Syslog Socket.
[[0;32m  OK  [0m] Reached target System Time Synchronized.
[[0;32m  OK  [0m] Listening on LVM2 metadata daemon socket.
[[0;32m  OK  [0m] Set up automount Arbitrary Executabâ€¦rmats File System Automount Point.
[[0;32m  OK  [0m] Listening on Journal Socket (/dev/log).
[[0;32m  OK  [0m] Listening on udev Control Socket.
[[0;32m  OK  [0m] Listening on Journal Audit Socket.
[[0;32m  OK  [0m] Listening on Network Service Netlink Socket.
[[0;32m  OK  [0m] Reached target User and Group Name Lookups.
[[0;32m  OK  [0m] Created slice system-serial\x2dgetty.slice.
[[0;32m  OK  [0m] Reached target Slices.
[[0;32m  OK  [0m] Listening on /dev/initctl Compatibility Named Pipe.
[[0;32m  OK  [0m] Reached target Swap.
[[0;32m  OK  [0m] Listening on fsck to fsckd communication Socket.
[[0;32m  OK  [0m] Listening on Device-mapper event daemon FIFOs.
[[0;32m  OK  [0m] Listening on Journal Socket.
         Mounting POSIX Message Queue File System...
         Mounting Kernel Debug File System...
         Starting Uncomplicated firewall...
         Starting Create list of required stâ€¦ce nodes for the current kernel...
         Starting Monitoring of LVM2 mirrorsâ€¦ng dmeventd or progress polling...
         Starting Journal Service...
         Mounting Huge Pages File System...
         Starting Set the console keyboard layout...
         Starting Load Kernel Modules...
[[0;32m  OK  [0m] Listening on udev Kernel Socket.
[[0;32m  OK  [0m] Started Forward Password Requests to Wall Directory Watch.
         Starting udev Coldplug all Devices...
[   11.834846] Loading iSCSI transport class v2.0-870.
         Starting File System Check on Root Device...
[[0;32m  OK  [0m] Started Journal Service.
[[0;32m  OK  [0m] Mounted POSIX Message Queue File System.
[[0;32m  OK  [0m] Mounted Kernel Debug File System.
[[0;32m  OK  [0m] Started Uncomplicated firewall.
[[0;32m  OK  [0m] Started Create list of required staâ€¦vice nodes for the current kernel.
[[0;32m  OK  [0m] Mounted Huge Pages File System.
[[0;32m  OK  [0m] Started LVM2 metadata daemon.
         Starting Create Static Device Nodes in /dev...
[   11.877704] iscsi: registered transport (tcp)
[   11.894617] iscsi: registered transport (iser)
[[0;32m  OK  [0m] Started Load Kernel Modules.
         Mounting Kernel Configuration File System...
         Starting Apply Kernel Variables...
         Mounting FUSE Control File System...
[[0;32m  OK  [0m] Started udev Coldplug all Devices.
[[0;32m  OK  [0m] Mounted Kernel Configuration File System.
[[0;32m  OK  [0m] Mounted FUSE Control File System.
[[0;32m  OK  [0m] Started File System Check Daemon to report status.
[[0;32m  OK  [0m] Started Create Static Device Nodes in /dev.
[[0;32m  OK  [0m] Started Monitoring of LVM2 mirrors,â€¦sing dmeventd or progress polling.
[[0;32m  OK  [0m] Started File System Check on Root Device.
         Starting Remount Root and Kernel File Systems...
[[0;32m  OK  [0m] Started Apply Kernel Variables.
[[0;32m  OK  [0m] Started Remount Root and Kernel File Systems.
         Starting Flush Journal to Persistent Storage...
         Starting udev Kernel Device Manager...
         Starting Load/Save Random Seed...
[[0;32m  OK  [0m] Started Load/Save Random Seed.
[[0;32m  OK  [0m] Started udev Kernel Device Manager.
[[0;32m  OK  [0m] Started Flush Journal to Persistent Storage.
[[0;32m  OK  [0m] Found device /dev/ttyS0.
[[0;32m  OK  [0m] Listening on Load/Save RF Kill Switch Status /dev/rfkill Watch.
[[0;32m  OK  [0m] Started Set the console keyboard layout.
[[0;32m  OK  [0m] Started Dispatch Password Requests to Console Directory Watch.
[[0;32m  OK  [0m] Reached target Local Encrypted Volumes.
[[0;32m  OK  [0m] Reached target Local File Systems (Pre).
[[0;32m  OK  [0m] Reached target Local File Systems.
         Starting Set console font and keymap...
         Starting Create Volatile Files and Directories...
         Starting ebtables ruleset management...
         Starting AppArmor initialization...
         Starting Commit a transient machine-id on disk...
         Starting Tell Plymouth To Write Out Runtime Data...
[[0;32m  OK  [0m] Started Set console font and keymap.
[[0;32m  OK  [0m] Started Tell Plymouth To Write Out Runtime Data.
[[0;32m  OK  [0m] Started Create Volatile Files and Directories.
         Starting Update UTMP about System Boot/Shutdown...
[[0;32m  OK  [0m] Started Update UTMP about System Boot/Shutdown.
[[0;32m  OK  [0m] Started Commit a transient machine-id on disk.
[[0;32m  OK  [0m] Started ebtables ruleset management.
[[0;32m  OK  [0m] Started AppArmor initialization.
         Starting Initial cloud-init job (pre-networking)...
         Starting Load AppArmor profiles managed internally by snapd...
[[0;32m  OK  [0m] Started Load AppArmor profiles managed internally by snapd.
[   15.955349] cloud-init[710]: Cloud-init v. 22.1-14-g2e17a0d6-0ubuntu1~18.04.3 running 'init-local' at Sun, 01 May 2022 08:21:44 +0000. Up 15.55 seconds.
[[0;32m  OK  [0m] Started Initial cloud-init job (pre-networking).
[[0;32m  OK  [0m] Reached target Network (Pre).
         Starting Network Service...
[[0;32m  OK  [0m] Started Network Service.
         Starting Wait for Network to be Configured...
         Starting Network Name Resolution...
[[0;32m  OK  [0m] Started Network Name Resolution.
[[0;32m  OK  [0m] Reached target Network.
[[0;32m  OK  [0m] Reached target Host and Network Name Lookups.
[[0;32m  OK  [0m] Started Wait for Network to be Configured.
         Starting Initial cloud-init job (metadata service crawler)...
[   18.770526] cloud-init[842]: Cloud-init v. 22.1-14-g2e17a0d6-0ubuntu1~18.04.3 running 'init' at Sun, 01 May 2022 08:21:47 +0000. Up 18.47 seconds.
[   18.772432] cloud-init[842]: ci-info: +++++++++++++++++++++++++++++++++++++Net device info++++++++++++++++++++++++++++++++++++++
[   18.774017] cloud-init[842]: ci-info: +--------+------+---------------------------+---------------+--------+-------------------+
[   18.776964] cloud-init[842]: ci-info: | Device |  Up  |          Address          |      Mask     | Scope  |     Hw-Address    |
[   18.778969] cloud-init[842]: ci-info: +--------+------+---------------------------+---------------+--------+-------------------+
[   18.780190] cloud-init[842]: ci-info: | enp0s3 | True |         10.0.2.15         | 255.255.255.0 | global | 02:a2:6a:7b:07:96 |
[   18.796235] cloud-init[842]: ci-info: | enp0s3 | True | fe80::a2:6aff:fe7b:796/64 |       .       |  link  | 02:a2:6a:7b:07:96 |
[   18.808243] cloud-init[842]: ci-info: |   lo   | True |         127.0.0.1         |   255.0.0.0   |  host  |         .         |
[   18.809892] cloud-init[842]: ci-info: |   lo   | True |          ::1/128          |       .       |  host  |         .         |
[   18.811398] cloud-init[842]: ci-info: +--------+------+---------------------------+---------------+--------+-------------------+
[   18.813055] cloud-init[842]: ci-info: ++++++++++++++++++++++++++++Route IPv4 info+++++++++++++++++++++++++++++
[   18.814584] cloud-init[842]: ci-info: +-------+-------------+----------+-----------------+-----------+-------+
[   18.816502] cloud-init[842]: ci-info: | Route | Destination | Gateway  |     Genmask     | Interface | Flags |
[   18.817980] cloud-init[842]: ci-info: +-------+-------------+----------+-----------------+-----------+-------+
[   18.819653] cloud-init[842]: ci-info: |   0   |   0.0.0.0   | 10.0.2.2 |     0.0.0.0     |   enp0s3  |   UG  |
[   18.820657] cloud-init[842]: ci-info: |   1   |   10.0.2.0  | 0.0.0.0  |  255.255.255.0  |   enp0s3  |   U   |
[   18.832391] cloud-init[842]: ci-info: |   2   |   10.0.2.2  | 0.0.0.0  | 255.255.255.255 |   enp0s3  |   UH  |
[   18.834824] cloud-init[842]: ci-info: +-------+-------------+----------+-----------------+-----------+-------+
[   18.837379] cloud-init[842]: ci-info: +++++++++++++++++++Route IPv6 info+++++++++++++++++++
[   18.850040] cloud-init[842]: ci-info: +-------+-------------+---------+-----------+-------+
[   18.851213] cloud-init[842]: ci-info: | Route | Destination | Gateway | Interface | Flags |
[   18.852182] cloud-init[842]: ci-info: +-------+-------------+---------+-----------+-------+
[   18.853924] cloud-init[842]: ci-info: |   1   |  fe80::/64  |    ::   |   enp0s3  |   U   |
[   18.858551] cloud-init[842]: ci-info: |   3   |    local    |    ::   |   enp0s3  |   U   |
[   18.859735] cloud-init[842]: ci-info: |   4   |   ff00::/8  |    ::   |   enp0s3  |   U   |
[   18.860991] cloud-init[842]: ci-info: +-------+-------------+---------+-----------+-------+
[   19.555913] cloud-init[842]: Generating public/private rsa key pair.
[   19.557013] cloud-init[842]: Your identification has been saved in /etc/ssh/ssh_host_rsa_key.
[   19.558204] cloud-init[842]: Your public key has been saved in /etc/ssh/ssh_host_rsa_key.pub.
[   19.559082] cloud-init[842]: The key fingerprint is:
[   19.559886] cloud-init[842]: SHA256:1hLV/ZUmisYH4OCj0c2c5RlpMPZGA9RPedgX+oYX8RQ root@ubuntu-bionic
[   19.560657] cloud-init[842]: The key's randomart image is:
[   19.561517] cloud-init[842]: +---[RSA 2048]----+
[   19.562297] cloud-init[842]: |     ..B==o.+. E=|
[   19.572274] cloud-init[842]: |    o B B*++.+o=+|
[   19.584218] cloud-init[842]: |   . + *+== o.+oo|
[   19.584999] cloud-init[842]: |    o . .* +  o o|
[   19.585863] cloud-init[842]: |   .    S o  . + |
[   19.586653] cloud-init[842]: |       . .    o  |
[   19.587558] cloud-init[842]: |                 |
[   19.588404] cloud-init[842]: |                 |
[   19.589221] cloud-init[842]: |                 |
[   19.590021] cloud-init[842]: +----[SHA256]-----+
[   19.590824] cloud-init[842]: Generating public/private dsa key pair.
[   19.591872] cloud-init[842]: Your identification has been saved in /etc/ssh/ssh_host_dsa_key.
[   19.593132] cloud-init[842]: Your public key has been saved in /etc/ssh/ssh_host_dsa_key.pub.
[   19.594401] cloud-init[842]: The key fingerprint is:
[   19.595320] cloud-init[842]: SHA256:Qe2Kf8aJVWXQW3cQXX4NriBcirjRUMxZa3pLZLWldqk root@ubuntu-bionic
[   19.596755] cloud-init[842]: The key's randomart image is:
[   19.597681] cloud-init[842]: +---[DSA 1024]----+
[   19.598543] cloud-init[842]: |    .+.oo.o oo++o|
[   19.599460] cloud-init[842]: |     +++ =.+ o+o*|
[   19.600593] cloud-init[842]: |    o o X.= oo.o*|
[   19.602004] cloud-init[842]: |     o = +.+... .|
[   19.603058] cloud-init[842]: |    . ..S.E..    |
[   19.604295] cloud-init[842]: |      .o...      |
[   19.605751] cloud-init[842]: |       ..+ .     |
[   19.606784] cloud-init[842]: |        o =      |
[   19.607797] cloud-init[842]: |         o       |
[   19.608764] cloud-init[842]: +----[SHA256]-----+
[   19.609660] cloud-init[842]: Generating public/private ecdsa key pair.
[   19.610967] cloud-init[842]: Your identification has been saved in /etc/ssh/ssh_host_ecdsa_key.
[   19.612708] cloud-init[842]: Your public key has been saved in /etc/ssh/ssh_host_ecdsa_key.pub.
[   19.614257] cloud-init[842]: The key fingerprint is:
[   19.615363] cloud-init[842]: SHA256:8xesGUN3bOWGsO9yu9Ns4HlGQRAERNySw5EZuIybddw root@ubuntu-bionic
[   19.616135] cloud-init[842]: The key's randomart image is:
[[0;32m  OK  [0m] Started Initial cloud-init job (metadata service crawler).
[[0;32m  OK  [0m] Reached target System Initialization.
[[0;32m  OK  [0m] Started Ubuntu Advantage Timer for running repeated jobs.
[   19.618252] cloud-init[842]: +---[ECDSA 256]---+
[[0;32m  OK  [0m] Started ACPI Events Check.
[[0;32m  OK  [0m] Listening on cloud-init hotplug hook socket.
[[0;32m  OK  [0m[   19.654959] cloud-init[842]: |          **@+o .|
[   19.664754] cloud-init[842]: |         . O = = |
[   19.665067] cloud-init[842]: |        o + * * o|
[   19.665445] cloud-init[842]: |       . = = E o |
[   19.665889] cloud-init[842]: |        S + o . .|
[   19.666328] cloud-init[842]: |       o o = o. .|
[   19.666749] cloud-init[842]: |          + o.o* |
[   19.667205] cloud-init[842]: |           . o+.*|
] Listening on UUID daemon activation socket.
[   19.667444] cloud-init[842]: |              o* |
[[0;32m  OK  [0m] Started Daily apt download activities.
[   19.693691] cloud-init[842]: +----[SHA256]-----+
[[0;32m  OK  [0m[   19.704418] ] cloud-initStarted Message of the Day.[842]: 
Generating public/private ed25519 key pair.
[   19.705622] cloud-init[842]: Your identification has been saved in /etc/ssh/ssh_host_ed25519_key.
[   19.706529] cloud-init[842]: Your public key has been saved in /etc/ssh/ssh_host_ed25519_key.pub.
[   19.707267] cloud-init[842]: The key fingerprint is:
[   19.707629] cloud-init[842]: SHA256:+lRy8Kh3VIWe2in87W3/GsW6ANNIQXKVqVelWDsP78M root@ubuntu-bionic
[   19.708400] cloud-init[842]: The key's randomart image is:
[   19.709126] cloud-init[842]: +--[ED25519 256]--+
[   19.709799] cloud-init[842]: |        ..+..+o..|
[   19.710370] cloud-init[842]: |         o .++.o |
[   19.711012] cloud-init[842]: |        . .ooo=  |
         Starting LXD - unix socket.[   19.711150] 
cloud-init[842]: |         =.++  * |
[   19.711926] cloud-init[842]: |        S.O+..  =|
[[   19.720224] cloud-init[842]: |       o =+oo .+ |
[   19.720324] cloud-init[842]: |      o o .o..oE.|
[   19.721342] cloud-init[842]: |       + .  ...+o|
[   19.721871] cloud-init[842]: |        .    .+o*|
[   19.722150] cloud-init[842]: +----[SHA256]-----+
[0;32m  OK  [0m] Started Daily apt upgrade and clean activities.
[[0;32m  OK  [0m] Listening on D-Bus System Message Bus Socket.
[[0;32m  OK  [0m] Listening on ACPID Listen Socket.
[[0;32m  OK  [0m] Started Daily Cleanup of Temporary Directories.
[[0;32m  OK  [0m] Started Trigger to poll for Ubuntu â€¦(Only enabled on GCP LTS non-pro).
[[0;32m  OK  [0m] Reached target Paths.
[[0;32m  OK  [0m] Started Discard unused blocks once a week.
[[0;32m  OK  [0m] Reached target Timers.
         Starting Socket activation for snappy daemon.
[[0;32m  OK  [0m] Listening on Open-iSCSI iscsid Socket.
[[0;32m  OK  [0m] Reached target Cloud-config availability.
[[0;32m  OK  [0m] Reached target Network is Online.
[[0;32m  OK  [0m] Reached target Remote File Systems (Pre).
[[0;32m  OK  [0m] Reached target Remote File Systems.
         Starting Availability of block devices...
[[0;32m  OK  [0m] Listening on LXD - unix socket.
[[0;32m  OK  [0m] Listening on Socket activation for snappy daemon.
[[0;32m  OK  [0m] Started Availability of block devices.
[[0;32m  OK  [0m] Reached target Sockets.
[[0;32m  OK  [0m] Reached target Basic System.
         Starting LSB: Record successful boot for GRUB...
         Starting Login Service...
[[0;32m  OK  [0m] Started irqbalance daemon.
         Starting Dispatcher daemon for systemd-networkd...
         Starting System Logging Service...
[[0;32m  OK  [0m] Started Deferred execution scheduler.
         Starting Accounts Service...
[[0;32m  OK  [0m] Started D-Bus System Message Bus.
[[0;32m  OK  [0m] Started Login Service.
         Starting Virtualbox guest utils...
[[0;32m  OK  [0m] Started Regular background program processing daemon.
         Starting Pollinate to seed the pseudo random number generator...
         Starting Permit User Sessions...
[[0;32m  OK  [0m] Started Unattended Upgrades Shutdown.
[[0;32m  OK  [0m] Started FUSE filesystem for LXC.
         Starting Snap Daemon...
         Starting LSB: automatic crash report generation...
         Starting LXD - container startup/shutdown...
[[0;32m  OK  [0m] Started System Logging Service.
[[0;32m  OK  [0m] Started Permit User Sessions.
         Starting Authorization Manager...
         Starting Hold until boot process finishes up...
         Starting Terminate Plymouth Boot Screen...
[[0;32m  OK  [0m] Started Hold until boot process finishes up.
[[0;32m  OK  [0m] Started Terminate Plymouth Boot Screen.
[[0;32m  OK  [0m] Started Serial Getty on ttyS0.
         Starting Set console scheme...
[[0;32m  OK  [0m] Started Set console scheme.
[[0;32m  OK  [0m] Created slice system-getty.slice.
[[0;32m  OK  [0m] Started Getty on tty1.
[[0;32m  OK  [0m] Reached target Login Prompts.
[[0;32m  OK  [0m] Started Authorization Manager.
[[0;32m  OK  [0m] Started LSB: Record successful boot for GRUB.
[[0;32m  OK  [0m] Started Accounts Service.
[[0;32m  OK  [0m] Started LSB: automatic crash report generation.
[[0;32m  OK  [0m] Started Virtualbox guest utils.
[[0;32m  OK  [0m] Started LXD - container startup/shutdown.
[[0;32m  OK  [0m] Started Dispatcher daemon for systemd-networkd.
[[0;32m  OK  [0m] Started Snap Daemon.
         Starting Wait until snapd is fully seeded...
         Starting Time & Date Service...
[[0;32m  OK  [0m] Started Time & Date Service.
[[0;32m  OK  [0m] Started Pollinate to seed the pseudo random number generator.
         Starting OpenBSD Secure Shell server...
[[0;32m  OK  [0m] Started OpenBSD Secure Shell server.
[[0;32m  OK  [0m] Created slice User Slice of vagrant.
         Starting User Manager for UID 1000...
[[0;32m  OK  [0m] Started Session 1 of user vagrant.
[[0;32m  OK  [0m] Started User Manager for UID 1000.
[[0;32m  OK  [0m] Started Wait until snapd is fully seeded.
         Starting Apply the settings specified in cloud-config...
[[0;32m  OK  [0m] Reached target Multi-User System.
[[0;32m  OK  [0m] Reached target Graphical Interface.
         Starting Update UTMP about System Runlevel Changes...
[[0;32m  OK  [0m] Started Update UTMP about System Runlevel Changes.
[   24.098266] cloud-init[1446]: Cloud-init v. 22.1-14-g2e17a0d6-0ubuntu1~18.04.3 running 'modules:config' at Sun, 01 May 2022 08:21:52 +0000. Up 23.46 seconds.
[[0;32m  OK  [0m] Started Apply the settings specified in cloud-config.
         Starting Execute cloud user/final scripts...
ci-info: no authorized SSH keys fingerprints found for user ubuntu.
<14>May  1 08:21:53 cloud-init: #############################################################
<14>May  1 08:21:53 cloud-init: -----BEGIN SSH HOST KEY FINGERPRINTS-----
<14>May  1 08:21:53 cloud-init: 1024 SHA256:Qe2Kf8aJVWXQW3cQXX4NriBcirjRUMxZa3pLZLWldqk root@ubuntu-bionic (DSA)
<14>May  1 08:21:53 cloud-init: 256 SHA256:8xesGUN3bOWGsO9yu9Ns4HlGQRAERNySw5EZuIybddw root@ubuntu-bionic (ECDSA)
<14>May  1 08:21:53 cloud-init: 256 SHA256:+lRy8Kh3VIWe2in87W3/GsW6ANNIQXKVqVelWDsP78M root@ubuntu-bionic (ED25519)
<14>May  1 08:21:53 cloud-init: 2048 SHA256:1hLV/ZUmisYH4OCj0c2c5RlpMPZGA9RPedgX+oYX8RQ root@ubuntu-bionic (RSA)
<14>May  1 08:21:53 cloud-init: -----END SSH HOST KEY FINGERPRINTS-----
<14>May  1 08:21:53 cloud-init: #############################################################
-----BEGIN SSH HOST KEY KEYS-----
ecdsa-sha2-nistp256 AAAAE2VjZHNhLXNoYTItbmlzdHAyNTYAAAAIbmlzdHAyNTYAAABBBPK9D8/Zmr9g/0EklTkjXRCpDvQhyl7n6j27r3pacrxPdcMB2IyB0Y+s6ZIe9noTaj3p3X1Rpg2zzQLXbhYiD34= root@ubuntu-bionic
ssh-ed25519 AAAAC3NzaC1lZDI1NTE5AAAAICR3L6G2AcCpra7nhWi2lO9yuHpFwNBiTJQDcSy0y+vk root@ubuntu-bionic
ssh-rsa AAAAB3NzaC1yc2EAAAADAQABAAABAQDEo5P4sgEBfD4I+kPhh1MZELGjKea3tr2a26WvUn9Pr9474r8sZawE6jXHZwWK1EOhTnK5pWKxIDLc7br4UZxammpJHFvGV2u29I/gllgg7Deqdid1UoeWIEbBLjeouF1xDLmUxNImo8JHMa9GMq5DwjKF5nARG0U+oomUr0upZjzSsyMjcVqx7YsA7pt/ShgvjXXfb8WXRuMrEaDNA+kMMGDft7esz1diCLB4iDTzC0phU6GsHHA0JaZVAUKqhUFBgpR1/iTsUdYzjvn40ydA7t/WQgAGHiOUpZ4mFggdH/i1xLJzfv+h/E1VxUEaBgfcCg+lE6VaC7gVfoqQIS+T root@ubuntu-bionic
-----END SSH HOST KEY KEYS-----
[   24.980203] cloud-init[1546]: Cloud-init v. 22.1-14-g2e17a0d6-0ubuntu1~18.04.3 running 'modules:final' at Sun, 01 May 2022 08:21:53 +0000. Up 24.73 seconds.
[   24.992239] cloud-init[1546]: Cloud-init v. 22.1-14-g2e17a0d6-0ubuntu1~18.04.3 finished at Sun, 01 May 2022 08:21:53 +0000. Datasource DataSourceNoCloud [seed=/dev/sdb][dsmode=net].  Up 24.97 seconds
[[0;32m  OK  [0m] Started Execute cloud user/final scripts.
[[0;32m  OK  [0m] Reached target Cloud-init target.

Ubuntu 18.04.6 LTS ubuntu-bionic ttyS0

ubuntu-bionic login: 